.\.venv\Scripts\python.exe : 
At line:1 char:1
+ .\.venv\Scripts\python.exe -m chatbot.assignment_test_cases 2>&1 | Te ...
+ ~~~~~~~~~~~~~~~~~~~~~~~~~~~~~~~~~~~~~~~~~~~~~~~~~~~~~~~~~~~~~~~~
    + CategoryInfo          : NotSpecified: (:String) [], RemoteException
    + FullyQualifiedErrorId : NativeCommandError
 
Loading weights:   0%|          | 0/199 [00:00<?, ?it/s]
Loading weights: 100%|##########| 199/199 [00:00<00:00, 10503.18it/s]
[1mBertModel LOAD REPORT[0m from: sentence-transformers/paraphrase-multilingual-MiniLM-L12-v2
Key                     | Status     |  | 
------------------------+------------+--+-
embeddings.position_ids | UNEXPECTED |  | 

Notes:
- UNEXPECTED:	can be ignored when loading from different task/architecture; not ok if you expect identical arch.

Loading weights:   0%|          | 0/199 [00:00<?, ?it/s]
Loading weights: 100%|##########| 199/199 [00:00<00:00, 10333.48it/s]
[1mBertModel LOAD REPORT[0m from: sentence-transformers/paraphrase-multilingual-MiniLM-L12-v2
Key                     | Status     |  | 
------------------------+------------+--+-
embeddings.position_ids | UNEXPECTED |  | 

Notes:
- UNEXPECTED:	can be ignored when loading from different task/architecture; not ok if you expect identical arch.
Traceback (most recent call last):
  File "<frozen runpy>", line 198, in _run_module_as_main
  File "<frozen runpy>", line 88, in _run_code
  File "D:\Repos\SRI.AI\chatbot\assignment_test_cases.py", line 298, in <module>
    run_assignment_tests(use_ollama=use_ollama_flag)
    ~~~~~~~~~~~~~~~~~~~~^^^^^^^^^^^^^^^^^^^^^^^^^^^^
  File "D:\Repos\SRI.AI\chatbot\assignment_test_cases.py", line 273, in run_assignment_tests
    print(f"{case.id:2d}. [{status}] {case.category:30s} \u2192 Topics: {topics[:1]}")
    ~~~~~^^^^^^^^^^^^^^^^^^^^^^^^^^^^^^^^^^^^^^^^^^^^^^^^^^^^^^^^^^^^^^^^^^^^^^^^
  File "C:\Users\wagee\AppData\Roaming\uv\python\cpython-3.14-windows-x86_64-none\Lib\encodings\cp1252.py", line 
19, in encode
    return codecs.charmap_encode(input,self.errors,encoding_table)[0]
           ~~~~~~~~~~~~~~~~~~~~~^^^^^^^^^^^^^^^^^^^^^^^^^^^^^^^^^^
UnicodeEncodeError: 'charmap' codec can't encode character '\u2713' in position 5: character maps to <undefined>

================================================================================
SRI.AI - ASSIGNMENT TEST SUITE (24 Test Cases)
Demonstrates: Session Handling, Unicode Support, Varied Topics
================================================================================

